u196571@s001-n063:~/cpar_evaluacion$ git init
Reinitialized existing Git repository in /home/u196571/cpar_evaluacion/.git/
u196571@s001-n063:~/cpar_evaluacion$ git status
On branch main
Your branch is up to date with 'origin/main'.

Changes to be committed:
  (use "git restore --staged <file>..." to unstage)
        modified:   Resultados/Ejercicio_8/.ipynb_checkpoints/Pregunta_8-1-checkpoint.txt
        modified:   Resultados/Ejercicio_8/Pregunta_8-1.txt

Changes not staged for commit:
  (use "git add <file>..." to update what will be committed)
  (use "git restore <file>..." to discard changes in working directory)
  (commit or discard the untracked or modified content in submodules)
        modified:   oneAPI-samples (modified content, untracked content)

u196571@s001-n063:~/cpar_evaluacion$ git add .
u196571@s001-n063:~/cpar_evaluacion$ git commit -m "Ejercicio 8: Correccion de output"
[main 8b2472d] Ejercicio 8: Correccion de output
 Committer: u196571 <u196571@s001-n063.aidevcloud>
Your name and email address were configured automatically based
on your username and hostname. Please check that they are accurate.
You can suppress this message by setting them explicitly. Run the
following command and follow the instructions in your editor to edit
your configuration file:

    git config --global --edit

After doing this, you may fix the identity used for this commit with:

    git commit --amend --reset-author

 2 files changed, 112 insertions(+)
u196571@s001-n063:~/cpar_evaluacion$ git push
Username for 'https://github.com': mleon001
Password for 'https://mleon001@github.com': 
Enumerating objects: 11, done.
Counting objects: 100% (11/11), done.
Delta compression using up to 24 threads
Compressing objects: 100% (6/6), done.
Writing objects: 100% (6/6), 1.63 KiB | 555.00 KiB/s, done.
Total 6 (delta 1), reused 0 (delta 0)
remote: Resolving deltas: 100% (1/1), completed with 1 local object.
To https://github.com/mleon001/CPAR-INICTEL-CPAR-INTRO-Evaluacion.git
   241d34f..8b2472d  main -> main
u196571@s001-n063:~/cpar_evaluacion$ 



NOTA: Ya se habia creado el repositorio antes de resolver los ejecicios. Para sincronizar el comando se uso
git remote add origin https://github.com/mleon001/CPAR-INICTEL-CPAR-INTRO-Evaluacion.git